151x102
*******************************************************************************************************************************************************
*  *              *              *  *  *     *        *  *        *           *  *     *     *  *  *     *              *              *     *  *     *
*  *******  ****  ****  *******  *  *  ****  *  *  *  *  *  ****  ****  *******  *  ****  ****  *  *  *  *******  *******  *  ****  ****  *  *  ****  *
*     *     *        *     *              *     *  *        *     *  *                 *     *        *  *              *  *     *        *  *        *
*  *******  ****  *  *  *******  ****  *  **********  ****  ****  *  *  *  **********  *  *  ****  *******  *  *  ****  **********  *******  *  ****  *
*     *        *  *  *  *           *  *        *  *  *     *  *        *     *     *     *     *        *  *  *  *  *  *  *           *     *  *  *  *
*  **********  ****  ****  *******  ****  *******  **********  *  **********  *  *******  ****  *  *  *******  ****  *  *  *  ****  *  *******  *  *  *
*              *        *  *     *  *  *     *     *           *  *  *           *        *        *     *  *  *        *  *     *  *  *  *        *  *
*******  *  ****  *  *  *  *  ****  *  *******  *  ****  ****  *  *  *******  *  *  **********  *  ****  *  **********  *  *  *******  *  ****  *******
*     *  *     *  *  *  *  *     *     *  *     *  *  *  *        *  *        *  *  *  *  *     *  *     *  *           *     *     *                 *
*  ****  *************  *  ****  *******  *  ****  *  *************  ****  *  *  ****  *  *******  ****  *  ****  ****  *  ****  *******  *  *******  *
*     *  *                    *        *  *     *  *        *        *  *  *  *  *     *     *     *  *  *           *     *           *  *     *     *
*  ****  *  *  *  *  ****  ****  *  *  *  *  *  *  ****  *  *  ****  *  ****  ****  ****  *  *******  *  *  *  *******  *******  *  *******  *******  *
*     *  *  *  *  *  *     *  *  *  *  *  *  *  *     *  *        *     *              *  *     *        *  *        *  *  *  *  *        *        *  *
*  *******************  *  *  ****  ****  ****  *******************  *******  ****************  *  ****  ****  *  ****  *  *  ****  *  ****  *  *  *  *
*  *     *     *        *        *  *  *           *  *     *        *     *     *           *        *        *  *  *     *  *  *  *     *  *  *  *  *
*  *  *  ****  ****  ****  *******  *  ****  *******  *  **********  *  *  *******  *  *******  *  *******  *******  *  ****  *  *  *  *************  *
*     *     *  *        *        *     *     *     *  *     *        *  *           *  *        *  *     *        *  *  *     *  *  *     *  *  *     *
****  *******  *  *  *******  *  ****  *  *  ****  *  ****  ****  ****  ****  ****  *  *******  ****  *  *  *  ****  *  ****  *  ****  ****  *  *******
*     *  *        *  *  *     *  *  *  *  *     *     *  *  *              *     *  *     *     *     *  *  *  *                    *        *        *
****  *  ****  ****  *  **********  *  ****  ****  *  *  *  *******  *******************  ****  *  ****  *  *************  *******  *  *******  *******
*        *     *  *     *  *  *        *  *        *        *           *  *     *     *     *        *  *  *           *  *        *                 *
****  ****  *  *  *  *  *  *  *  *******  *******  ****  ****  ****  ****  *  *******  **********  ****  *  ****  *************  *  *  *  ****  *  *  *
*  *  *  *  *  *     *  *        *     *     *        *  *  *     *  *  *     *     *  *     *        *  *     *           *  *  *     *     *  *  *  *
*  *  *  ****  *  ****  *  ****  ****  *  *  *******  ****  *  *******  *  ****  ****  ****  ****  ****  ****  **********  *  *  ****  *******  ****  *
*  *     *     *     *     *  *        *  *        *     *     *  *        *        *  *           *     *  *     *  *     *  *  *        *        *  *
*  *  *  *  ****************  ****  **********  *  ****  ****  *  *  *  ****  *  *  *  **********  *******  *  ****  *  *  *  ****  *  *************  *
*  *  *     *  *     *  *     *     *           *     *           *  *  *     *  *  *     *           *  *     *  *     *        *  *  *  *     *     *
*  *******  *  *  ****  *  ****  *  **********  *******  *  ****  *  **********  *  ****  ****  *******  *  ****  ****  ****  *  ****  *  ****  *  ****
*                          *  *  *  *  *                 *     *  *  *           *     *        *  *  *        *     *  *  *  *     *  *     *     *  *
*  *******  **********  ****  ****  *  ****  *  **********  *******  **********  *******  *  *  *  *  *******  ****  *  *  *  *************  *  *  *  *
*        *     *              *        *     *  *                 *           *  *  *     *  *        *        *        *  *        *     *  *  *  *  *
*  *************  *******  ****  *  *  ****  *************  *  *******  *******  *  ****  ****  *  ****  ****************  ****  *  ****  *  *******  *
*     *                 *  *  *  *  *  *  *  *     *        *     *     *                 *     *  *     *     *     *        *  *              *     *
*  *******  *************  *  **********  *******  *  ****  ****  *  ****  *  *******  *  *******  *******  ****  **********  *******  ****  *******  *
*        *     *        *     *  *  *  *  *  *  *  *     *  *              *  *  *  *  *        *     *  *  *  *     *                    *  *     *  *
*  *******  ****  ****  *  *  *  *  *  *  *  *  *  *  *  *  *  ****************  *  *******************  *  *  *  **********  *******  *  ****  ****  *
*  *        *        *     *                          *  *  *           *  *        *  *           *     *        *              *  *  *  *  *        *
*  ****  ****  ****  *************  *******  ****  *  ****  *************  *******  *  *  *************  ****  *******  *  ****  *  *  *  *  *  *******
*     *     *  *              *        *  *  *     *  *                          *  *  *        *                 *     *  *     *     *              *
**********  *  ****  *  ****************  *  *******  *  *  ****  *  *******  ****  *  *  *************  ****************  *  ****  *  ****  ****  *  *
*  *  *  *  *     *  *  *        *           *  *     *  *     *  *     *  *                 *  *     *           *  *  *  *  *     *     *     *  *  *
*  *  *  **********  *******  ****  *******  *  ****  *  ****************  ****  ****  *******  *  ****  *  *******  *  ****  *******  ****************
*  *     *  *           *     *           *  *  *     *  *        *              *     *  *     *  *     *     *  *        *        *        *     *  *
*  ****  *  *******  *******  *  *  ****  ****  *  ****  *  *  *************  **********  ****  *  *  *  ****  *  ****  *  *******  **********  ****  *
*           *           *     *  *     *  *        *     *  *     *  *     *                 *        *  *  *  *  *     *              *  *  *     *  *
****  ****  *  ****  ****  **********  *******  *  *  ****  *  ****  *  ****  ****  ****************  ****  *  *  *  ****  *  **********  *  *  ****  *
*  *  *     *  *        *  *           *     *  *  *     *  *     *              *              *  *        *           *  *  *        *              2
*  *******  *************  ****************  ****  *************  *  ****  *******  *************  *******  *******  *  ****  *  ****  *  ****  *  ****
*                    *              *              *        *  *     *     *     *     *        *  *  *  *     *     *     *  *  *        *  *  *     *
*******  *******  *  *  *******  **********  ****  *  *******  **********  *  *  ****  *  ****  *  *  *  *  *  *******  **********  *******  *******  *
*  *  *  *        *     *     *        *  *     *     *  *  *        *        *  *     *  *        *        *  *        *  *              *        *  *
*  *  *  *************  *  *  *******  *  *******  *  *  *  *******  ****  *******  *  *******  *******  **********  *  *  **********  *  *  ****  *  *
*     *     *              *  *                 *  *        *        *  *     *  *  *        *  *           *  *     *     *        *  *  *  *     *  *
****  *******  ****  ****  *  *******  **********  *******  *  ****  *  *  *  *  *  ****  *  *  *  *  *  ****  *******  *  *  *******  *******  ****  *
1        *        *  *     *  *     *        *        *           *  *     *     *  *  *  *        *  *  *  *  *  *  *  *  *        *        *     *  *
*  ****  *  *  *  *  *  **********  ****  *  ****  ****  *  *  **********  *  *******  *******  ****  *  *  *  *  *  *  *  *  *  **********  *  ****  *
*     *  *  *  *  *  *     *              *  *  *     *  *  *  *        *  *        *  *     *     *  *     *           *  *  *        *     *        *
*  *  *******  ****  ****  ****  *  ****  ****  *  *******  *  *  ****  ****  *******  *  ****  *******  ****************************  ****  *  *  ****
*  *  *        *        *     *  *     *           *        *  *  *  *  *  *  *  *  *  *           *     *     *              *  *  *     *  *  *     *
****  *  ****  ****  ****************  *  *******  *  *************  *  *  *  *  *  *  ****  **********  *  *  ****  *******  *  *  ****  ****  *******
*     *     *     *  *     *  *  *     *  *     *  *  *  *     *           *     *        *     *     *     *  *        *              *           *  *
****  *  *******  ****  *  *  *  **********  ****  ****  *  ****  *  *  *  *  *******  **********  *  ****  *************  *  ****  *  *  *  *******  *
*     *  *        *  *  *  *              *  *  *  *        *  *  *  *  *        *              *  *  *  *  *  *        *  *  *  *  *  *  *     *     *
****  ****  *  ****  *  *  *******  *  ****  *  *  ****  *  *  *  *  *************  *  *  **********  *  ****  ****  *  *  ****  **********  ****  *  *
*           *  *  *  *  *  *  *  *  *        *        *  *     *  *                 *  *  *        *           *     *  *     *           *     *  *  *
****  *******  *  *  *  *  *  *  *******  *******  *  ****  *  *******  ****************  ****  ****  *  *************  *  ****  *  **********  *  ****
*  *  *  *        *     *  *        *     *     *  *  *  *  *  *     *        *  *  *  *  *        *  *     *        *           *     *  *  *        *
*  *  *  ****  *******  *  *  *******  *  ****  *  ****  ****  *  ****  *******  *  *  *  *  ****  *  **********  ****  *  *  *******  *  *  *  ****  *
*        *  *  *  *     *        *     *  *     *     *  *     *  *  *  *     *              *              *  *        *  *     *     *  *     *     *
**********  ****  *******  ****  ****  *  *  *******  *  *  ****  *  ****  ****  *  ****  *******  *******  *  ****  *  ****  *  *******  *******  ****
*        *  *     *     *     *  *  *  *  *        *     *           *  *     *  *     *  *  *  *        *        *  *     *  *  *     *     *     *  *
*  *******  *  *******  ****  ****  *  ****  *  *  *  *  ****  *  ****  *  *******  *******  *  ****  *************  ****  ****  *  *******  *  ****  *
*  *  *           *     *  *  *  *           *  *     *     *  *  *        *           *  *     *        *           *        *              *        *
*  *  ****  ****  *  ****  *  *  ****  *******  ****  *  *  *  ****  **********  *******  ****  *  *******  *******  **********  ****  *******  *  ****
*           *  *              *        *        *     *  *  *           *  *        *     *  *              *  *     *     *        *        *  *  *  *
*  *******  *  *  ****  **********  *******  ****  *************  *******  *  *  *  ****  *  ****  *******  *  *******  ****  ****************  ****  *
*        *     *  *              *  *        *     *     *     *     *        *  *  *  *     *           *  *              *              *           *
*  **********  ****  **********  *******  ****  ****  *  *  ****  ****  **********  *  ****  ****  ****  *  *  ****  *  *  *******  *  *************  *
*     *  *     *     *        *  *           *  *     *     *     *  *  *     *  *     *     *  *     *  *        *  *  *     *     *  *  *           *
*  ****  *******  ****  ****  *******  *  *  *  *  ****  *  ****  *  *******  *  *  *  *  ****  ****  *  *  *  ****************  *  ****  *  *******  *
*  *        *  *  *        *     *     *  *  *        *  *              *     *  *  *           *     *  *  *  *     *           *                 *  *
****  *******  *  *  *  *  *  *  *  *************  *  *************  ****  ****  *  *******  *******  ****  ****  *  ****************  *  **********  *
*                    *  *  *  *  *     *  *  *     *  *     *  *              *           *        *     *  *     *           *        *           *  *
*  *  ****  *  *******************  ****  *  *******  ****  *  ****  *******  *******  *  ****  ****  *******  *  *******  *************  ****  *******
*  *  *     *     *  *           *              *              *     *              *  *  *     *           *  *        *     *           *     *  *  *
*******  *  *  ****  ****  *  *  *  *  *  **********  ****  *  *  *******  *  ****  *  ****  **********  *******  *  *  *  **********  **********  *  *
*     *  *  *     *     *  *  *     *  *  *  *  *  *     *  *  *  *        *  *     *     *  *     *        *     *  *  *     *  *     *     *  *  *  *
*  *  *  ****  *  *  *  ****  *  *******  *  *  *  *  *  *  *  ****  *******  ****************  *  *  *  ****  **********  ****  ****  *  ****  *  *  *
*  *     *  *  *     *     *  *        *  *     *     *  *  *  *     *        *     *     *  *  *     *        *        *     *           *           *
*  *******  **********  ****  *  ****  *******  *******  **********  ****  ****  *  ****  *  *******  ****  *  ****  ****  *  *************  *  ****  *
*        *           *  *     *     *     *  *     *     *  *  *     *        *  *     *  *  *     *  *  *  *  *  *        *  *  *        *  *  *     *
*  *  *  *  **********  ****  *  ****  ****  *  **********  *  *  ****  *  *  ****  ****  *  *  *******  *  ****  **********  *  *******  **********  *
*  *  *              *        *  *        *        *           *  *     *  *        *        *  *        *  *        *  *                 *           *
*******  *******  ****  *******  ****  **********  *  *  *  *************  ****  *******  ****  *******  *  *  ****  *  *******  *************  ****  *
*        *  *     *        *     *           *        *  *     *     *  *  *  *              *                 *        *           *  *  *        *  *
**********  *******  *******  *************  *  *  *******  ****  ****  *  *  *  *  ****  ****  ****  *  *******  *  *******  *******  *  ****  ****  *
*     *        *  *  *  *  *  *           *     *        *           *  *     *  *     *     *  *  *  *  *     *  *  *  *  *                 *     *  *
*  *******  *  *  *  *  *  ****  *******  *  *  *  *  *******  *  ****  *  **********  ****  *  *  ****  *  **********  *  *  *******  ****  *  ****  *
*           *                 *     *        *  *  *     *     *        *     *           *  *        *     *                 *           *     *     *
*******************************************************************************************************************************************************